-15.199 -14.7879 -8.43631 -0.00436093 -22.7689 -9.64625 -17.461 -26.3847 -5.50445 -14.2288